// Jest Snapshot v1, https://goo.gl/fbAQLP

exports[`BadgeSection must return the component template 1`] = `
<div
  class="BadgeSection"
  data-testid="badge_section"
>
  <div
    class="BadgeSection-Head"
  >
    <span
      class="Badge Badge_color_purple BadgeSection-Badge"
    >
      <span>
        badge
      </span>
    </span>
    <h3
      class="Typography Typography_color_white Typography_variant_h3 BadgeSection-Title"
    >
      Title
    </h3>
  </div>
  <div
    class="BadgeSection-Body"
  >
    content
  </div>
</div>
`;
