// Jest Snapshot v1, https://goo.gl/fbAQLP

exports[`Footer component template 1`] = `
<footer
  class="Footer test_class"
  data-testid="footer_id"
>
  <div
    class="Container Footer-Content"
  >
    <a
      class="Link Footer-SocialLink"
      href="https://github.com/TShokhrukh"
      rel="noopener noreferrer"
      target="_blank"
    >
      <span
        aria-hidden="true"
        class="fa fa-github Icon"
      />
    </a>
  </div>
</footer>
`;
