// Jest Snapshot v1, https://goo.gl/fbAQLP

exports[`Header must return the component template 1`] = `
<header
  class="Header"
  data-testid="header"
>
  <div
    class="Container Header-Container"
  >
    <div
      class="Header-Logo"
    >
      <img
        alt="..."
        class="Header-LogoImage"
      />
    </div>
    <div
      class="Header-Navbar Header-Navbar_desktop"
    >
      <nav
        class="Nav Nav_direction_horizontal Header-Nav"
      >
        <ul
          class="Nav-List"
        />
      </nav>
    </div>
    <div
      class="Header-Navbar Header-Navbar_mobile"
    >
      <button
        class="Button Header-BarsBtn"
        type="button"
      >
        <span
          aria-hidden="true"
          class="fa fa-bars Icon"
        />
      </button>
    </div>
    <button
      aria-describedby="LanguagePick"
      class="Button LanguagePick Header-LanguagePick"
      type="button"
    >
      en
    </button>
  </div>
</header>
`;
