// Jest Snapshot v1, https://goo.gl/fbAQLP

exports[`Career must return the component template 1`] = `
<div
  class="BadgeSection Career"
  data-testid="career"
>
  <div
    class="BadgeSection-Head"
  >
    <span
      class="Badge Badge_color_purple BadgeSection-Badge"
    >
      career.badge
    </span>
    <h3
      class="Typography Typography_color_white Typography_variant_h3 BadgeSection-Title"
    >
      career.title
    </h3>
  </div>
  <div
    class="BadgeSection-Body"
  >
    <div
      class="List CareerList Career-List"
    >
      <div
        class="Card CareerCard CareerCard_active CareerList-Item"
      >
        <h5
          class="Typography Typography_color_white Typography_variant_h5 CareerCard-Title"
        >
          Title 1
        </h5>
        <p
          class="Typography CareerCard-Desc"
        >
          desc 1
        </p>
        <div
          class="CareerCard-Working"
        >
          <p
            class="Typography Typography_color_purple CareerCard-Duration"
          >
            careerCard.durationYears
          </p>
          <p
            class="Typography Typography_color_purple CareerCard-Date"
          >
            2011/May
             - 
            2012/June
          </p>
        </div>
      </div>
      <div
        class="Card CareerCard CareerList-Item"
      >
        <h5
          class="Typography Typography_color_white Typography_variant_h5 CareerCard-Title"
        >
          Title 2
        </h5>
        <p
          class="Typography CareerCard-Desc"
        >
          desc 2
        </p>
        <div
          class="CareerCard-Working"
        >
          <p
            class="Typography Typography_color_purple CareerCard-Duration"
          >
            careerCard.durationYears
            careerCard.durationMonths
          </p>
          <p
            class="Typography Typography_color_purple CareerCard-Date"
          >
            2020/April
             - 
            2023/June
          </p>
        </div>
      </div>
    </div>
  </div>
</div>
`;
