// Jest Snapshot v1, https://goo.gl/fbAQLP

exports[`Skills must return the component template 1`] = `
<div
  class="BadgeSection Skills test_class"
  data-testid="skills"
>
  <div
    class="BadgeSection-Head"
  >
    <span
      class="Badge Badge_color_purple BadgeSection-Badge"
    >
      skills.badge
    </span>
    <h3
      class="Typography Typography_color_white Typography_variant_h3 BadgeSection-Title"
    >
      skills.title
    </h3>
  </div>
  <div
    class="BadgeSection-Body"
  >
    <div
      class="Skills-Content"
    >
      <div
        class="List Skills-List"
      >
        <img
          alt="..."
          class="Img Skills-Item"
        />
        <img
          alt="..."
          class="Img Skills-Item"
        />
      </div>
    </div>
  </div>
</div>
`;
