// Jest Snapshot v1, https://goo.gl/fbAQLP

exports[`ExperienceCard must return the component template 1`] = `
<div
  class="ExperienceCard"
  data-testid="experience_card"
>
  <span
    aria-hidden="true"
    class="fa fa-home Icon ExperienceCard-Icon"
  />
  <p
    class="ExperienceCard-Body"
  >
    home_body
  </p>
  <h3
    class="ExperienceCard-Skill"
  >
    home_skill
  </h3>
</div>
`;
