// Jest Snapshot v1, https://goo.gl/fbAQLP

exports[`Preview must return the component template 1`] = `
<div
  class="Preview test_class"
  data-testid="preview"
>
  <div
    class="Preview-Inner Preview-Inner_mobile"
  >
    <div
      class="Container Preview-Container"
    >
      <div
        class="Preview-Social"
      >
        <a
          class="Link Preview-SocialLink"
          rel="noopener noreferrer"
          target="_blank"
        >
          <span
            aria-hidden="true"
            class="fa fa-github Icon"
          />
        </a>
      </div>
      <div
        class="Preview-Background"
      />
      <div>
        <div
          class="Preview-About"
        >
          <span
            class="Badge Badge_color_purple Preview-AboutBadge"
          >
            preview.greeting
          </span>
          <h1
            class="Preview-AboutTitle"
          >
            <span>
              preview.name
            </span>
          </h1>
          <p
            class="Preview-AboutDesc"
          >
            <span>
              preview.skills
            </span>
          </p>
        </div>
        <div
          class="Preview-CV"
        >
          <a
            class="Link Button"
            href="https://telegram.org/"
            rel="noopener noreferrer"
            target="_blank"
            type="button"
          >
            <span
              aria-hidden="true"
              class="fa fa-telegram Icon Button-Icon Button-Icon_direction_start"
            />
            <span>
              preview.talk
            </span>
          </a>
        </div>
      </div>
    </div>
  </div>
  <div
    class="Preview-Inner Preview-Inner_desktop"
  >
    <div
      class="Container Preview-Container"
    >
      <div
        class="Preview-Content"
      >
        <div>
          <div
            class="Preview-About"
          >
            <span
              class="Badge Badge_color_purple Preview-AboutBadge"
            >
              preview.greeting
            </span>
            <h1
              class="Preview-AboutTitle"
            >
              <span>
                preview.name
              </span>
            </h1>
            <p
              class="Preview-AboutDesc"
            >
              <span>
                preview.skills
              </span>
            </p>
          </div>
          <div
            class="Preview-Social"
          >
            <a
              class="Link Preview-SocialLink"
              rel="noopener noreferrer"
              target="_blank"
            >
              <span
                aria-hidden="true"
                class="fa fa-github Icon"
              />
            </a>
          </div>
        </div>
        <div
          class="Preview-CV"
        >
          <a
            class="Link Button"
            href="https://telegram.org/"
            rel="noopener noreferrer"
            target="_blank"
            type="button"
          >
            <span
              aria-hidden="true"
              class="fa fa-telegram Icon Button-Icon Button-Icon_direction_start"
            />
            <span>
              preview.talk
            </span>
          </a>
        </div>
      </div>
    </div>
  </div>
</div>
`;
