// Jest Snapshot v1, https://goo.gl/fbAQLP

exports[`AboutMe must return the component template 1`] = `
<div
  class="AboutMe"
  data-testid="about_me"
>
  <img
    alt="..."
    class="Img AboutMe-Avatar"
  />
  <div
    class="AboutMe-Desc"
  >
    <div>
      <span
        class="Badge Badge_color_purple"
      >
        aboutMe.aboutMe
      </span>
    </div>
    <h2
      class="Typography Typography_color_white Typography_variant_h2 AboutMe-Name"
    >
      aboutMe.me
    </h2>
    <p
      class="Typography"
    >
      <span>
        aboutMe.desc
      </span>
    </p>
  </div>
</div>
`;
